// Jest Snapshot v1, https://goo.gl/fbAQLP

exports[`Components/Atoms/TextButton It works 1`] = `
.c0 {
  color: #000000;
  -webkit-transition: all 0.6s;
  transition: all 0.6s;
  -webkit-text-decoration: none;
  text-decoration: none;
  cursor: pointer;
  font-family: SF Pro Display Bold;
  font-size: 16px;
  line-height: 24px;
  text-align: left;
  padding-top: 0px;
  padding-bottom: 0px;
  padding-left: 0px;
  padding-right: 0px;
  margin-top: 0px;
  margin-bottom: 0px;
  margin-left: 0px;
  margin-right: 0px;
  border-width: 0px;
  border-style: solid;
  border-radius: 0px;
  border-color: 0px;
}

.c0:hover {
  opacity: 0.8;
}

<a
  class="c0"
  color="#000000"
>
  Test text component
</a>
`;
