// Jest Snapshot v1, https://goo.gl/fbAQLP

exports[`Components/Atoms/Text It works 1`] = `
.c0 {
  color: #000000;
  font-family: SF Pro Display Bold;
  font-size: 16px;
  line-height: 24px;
  text-align: left;
  padding-top: 0px;
  padding-bottom: 0px;
  padding-left: 0px;
  padding-right: 0px;
  margin-top: 0px;
  margin-bottom: 0px;
  margin-left: 0px;
  margin-right: 0px;
}

<p
  class="c0"
  color="#000000"
>
  Test text component
</p>
`;
