// Jest Snapshot v1, https://goo.gl/fbAQLP

exports[`Components/Atoms/Container It works 1`] = `
.c0 {
  position: relative;
  padding-right: 15px;
  padding-left: 15px;
  margin-right: auto;
  margin-left: auto;
  background-color: transparent;
  display: block;
  -webkit-flex-direction: column;
  -ms-flex-direction: column;
  flex-direction: column;
  -webkit-align-items: flex-start;
  -webkit-box-align: flex-start;
  -ms-flex-align: flex-start;
  align-items: flex-start;
  -webkit-box-pack: start;
  -webkit-justify-content: flex-start;
  -ms-flex-pack: start;
  justify-content: flex-start;
  -webkit-flex-wrap: nowrap;
  -ms-flex-wrap: nowrap;
  flex-wrap: nowrap;
  gap: 0px;
}

@media (min-width:768px) {
  .c0 {
    width: 750px;
  }
}

@media (min-width:992px) {
  .c0 {
    width: 970px;
  }
}

@media (min-width:1200px) {
  .c0 {
    width: 1170px;
  }
}

<div
  class="c0"
/>
`;
